Server Starting...
Server running on port 5000
MongoDB Connected

========================================
[OTP LOGIN]  User    : user_1771999466043
[OTP LOGIN]  OTP     : 735649
[OTP LOGIN]  Email   : user_1771999466043@test.com
[OTP LOGIN]  Expires : 11:44:26 am
========================================


========================================
[OTP LOGIN]  User    : bm_sbi
[OTP LOGIN]  OTP     : 789170
[OTP LOGIN]  Secret  : TPB7LGAK
[OTP LOGIN]  Email   : bm_sbi@test.com
[OTP LOGIN]  Expires : 11:44:26 am
========================================

[EMAIL] OTP sent to user_1771999466043@test.com | MessageId: <eb873acf-20bb-1165-d865-2e706c5488df@gmail.com>
[EMAIL] OTP sent to bm_sbi@test.com | MessageId: <9c87009c-1c23-3b82-5b5f-ae0ee82e73be@gmail.com>

========================================
[OTP LOGIN]  User    : user_1771999656736
[OTP LOGIN]  OTP     : 193867
[OTP LOGIN]  Email   : user_1771999656736@test.com
[OTP LOGIN]  Expires : 11:47:36 am
========================================


========================================
[OTP LOGIN]  User    : bm_sbi
[OTP LOGIN]  OTP     : 835815
[OTP LOGIN]  Secret  : WPHYDYZA
[OTP LOGIN]  Email   : bm_sbi@test.com
[OTP LOGIN]  Expires : 11:47:37 am
========================================

[EMAIL] OTP sent to user_1771999656736@test.com | MessageId: <5b2c12b4-edbd-e89e-dbe6-1e36aaef1761@gmail.com>
[EMAIL] OTP sent to bm_sbi@test.com | MessageId: <f0928641-7450-a265-e4e6-57456b4f3f52@gmail.com>
